---
source: operator/tests/render_snapshots.rs
expression: state.service
---
apiVersion: v1
kind: Service
metadata:
  labels:
    app.kubernetes.io/instance: mx-full
    app.kubernetes.io/managed-by: modelexpress-operator
    app.kubernetes.io/name: modelexpress-server
    istio.io/dataplane-mode: ambient
  name: mx-full
spec:
  ports:
    - name: grpc
      port: 8001
      targetPort: grpc
  selector:
    app.kubernetes.io/instance: mx-full
    app.kubernetes.io/name: modelexpress-server
